  Building Custom Rule D:/source/repos/Vulgate Protocol/Spine/CMakeLists.txt
  Animation.cpp
  AnimationState.cpp
D:\source\repos\Vulgate Protocol\Spine\spine_cpp\spine-cpp\src\spine\AnimationState.cpp(759,36): warning C4244: аргумент: преобразование "double" в "float", возможна потеря данных
  AnimationStateData.cpp
  Atlas.cpp
D:\source\repos\Vulgate Protocol\Spine\spine_cpp\spine-cpp\src\spine\Atlas.cpp(308,38): warning C4244: =: преобразование "int" в "float", возможна потеря данных
D:\source\repos\Vulgate Protocol\Spine\spine_cpp\spine-cpp\src\spine\Atlas.cpp(309,38): warning C4244: =: преобразование "int" в "float", возможна потеря данных
D:\source\repos\Vulgate Protocol\Spine\spine_cpp\spine-cpp\src\spine\Atlas.cpp(314,38): warning C4244: =: преобразование "int" в "float", возможна потеря данных
D:\source\repos\Vulgate Protocol\Spine\spine_cpp\spine-cpp\src\spine\Atlas.cpp(315,38): warning C4244: =: преобразование "int" в "float", возможна потеря данных
D:\source\repos\Vulgate Protocol\Spine\spine_cpp\spine-cpp\src\spine\Atlas.cpp(329,44): warning C4244: аргумент: преобразование "int" в "const T", возможна потеря данных
D:\source\repos\Vulgate Protocol\Spine\spine_cpp\spine-cpp\src\spine\Atlas.cpp(329,44): warning C4244:         with
D:\source\repos\Vulgate Protocol\Spine\spine_cpp\spine-cpp\src\spine\Atlas.cpp(329,44): warning C4244:         [
D:\source\repos\Vulgate Protocol\Spine\spine_cpp\spine-cpp\src\spine\Atlas.cpp(329,44): warning C4244:             T=float
D:\source\repos\Vulgate Protocol\Spine\spine_cpp\spine-cpp\src\spine\Atlas.cpp(329,44): warning C4244:         ]
  AtlasAttachmentLoader.cpp
  Attachment.cpp
  AttachmentLoader.cpp
  AttachmentTimeline.cpp
  Bone.cpp
  BoneData.cpp
  BoundingBoxAttachment.cpp
  ClippingAttachment.cpp
  ColorTimeline.cpp
  ConstraintData.cpp
  CurveTimeline.cpp
D:\source\repos\Vulgate Protocol\Spine\spine_cpp\spine-cpp\src\spine\CurveTimeline.cpp(58,42): warning C4244: =: преобразование "size_t" в "T", возможна потеря данных
D:\source\repos\Vulgate Protocol\Spine\spine_cpp\spine-cpp\src\spine\CurveTimeline.cpp(58,42): warning C4244:         with
D:\source\repos\Vulgate Protocol\Spine\spine_cpp\spine-cpp\src\spine\CurveTimeline.cpp(58,42): warning C4244:         [
D:\source\repos\Vulgate Protocol\Spine\spine_cpp\spine-cpp\src\spine\CurveTimeline.cpp(58,42): warning C4244:             T=float
D:\source\repos\Vulgate Protocol\Spine\spine_cpp\spine-cpp\src\spine\CurveTimeline.cpp(58,42): warning C4244:         ]
D:\source\repos\Vulgate Protocol\Spine\spine_cpp\spine-cpp\src\spine\CurveTimeline.cpp(59,13): warning C4244: инициализация: преобразование "double" в "float", возможна потеря данных
D:\source\repos\Vulgate Protocol\Spine\spine_cpp\spine-cpp\src\spine\CurveTimeline.cpp(59,52): warning C4244: инициализация: преобразование "double" в "float", возможна потеря данных
D:\source\repos\Vulgate Protocol\Spine\spine_cpp\spine-cpp\src\spine\CurveTimeline.cpp(60,13): warning C4244: инициализация: преобразование "double" в "float", возможна потеря данных
D:\source\repos\Vulgate Protocol\Spine\spine_cpp\spine-cpp\src\spine\CurveTimeline.cpp(60,63): warning C4244: инициализация: преобразование "double" в "float", возможна потеря данных
D:\source\repos\Vulgate Protocol\Spine\spine_cpp\spine-cpp\src\spine\CurveTimeline.cpp(62,11): warning C4244: инициализация: преобразование "double" в "float", возможна потеря данных
D:\source\repos\Vulgate Protocol\Spine\spine_cpp\spine-cpp\src\spine\CurveTimeline.cpp(62,64): warning C4244: инициализация: преобразование "double" в "float", возможна потеря данных
  DeformTimeline.cpp
D:\source\repos\Vulgate Protocol\Spine\spine_cpp\spine-cpp\src\spine\DeformTimeline.cpp(265,58): warning C4244: =: преобразование "size_t" в "T", возможна потеря данных
D:\source\repos\Vulgate Protocol\Spine\spine_cpp\spine-cpp\src\spine\DeformTimeline.cpp(265,58): warning C4244:         with
D:\source\repos\Vulgate Protocol\Spine\spine_cpp\spine-cpp\src\spine\DeformTimeline.cpp(265,58): warning C4244:         [
D:\source\repos\Vulgate Protocol\Spine\spine_cpp\spine-cpp\src\spine\DeformTimeline.cpp(265,58): warning C4244:             T=float
D:\source\repos\Vulgate Protocol\Spine\spine_cpp\spine-cpp\src\spine\DeformTimeline.cpp(265,58): warning C4244:         ]
D:\source\repos\Vulgate Protocol\Spine\spine_cpp\spine-cpp\src\spine\DeformTimeline.cpp(266,13): warning C4244: инициализация: преобразование "double" в "float", возможна потеря данных
D:\source\repos\Vulgate Protocol\Spine\spine_cpp\spine-cpp\src\spine\DeformTimeline.cpp(266,52): warning C4244: инициализация: преобразование "double" в "float", возможна потеря данных
D:\source\repos\Vulgate Protocol\Spine\spine_cpp\spine-cpp\src\spine\DeformTimeline.cpp(267,13): warning C4244: инициализация: преобразование "double" в "float", возможна потеря данных
D:\source\repos\Vulgate Protocol\Spine\spine_cpp\spine-cpp\src\spine\DeformTimeline.cpp(267,63): warning C4244: инициализация: преобразование "double" в "float", возможна потеря данных
D:\source\repos\Vulgate Protocol\Spine\spine_cpp\spine-cpp\src\spine\DeformTimeline.cpp(269,11): warning C4244: инициализация: преобразование "double" в "float", возможна потеря данных
D:\source\repos\Vulgate Protocol\Spine\spine_cpp\spine-cpp\src\spine\DeformTimeline.cpp(269,64): warning C4244: инициализация: преобразование "double" в "float", возможна потеря данных
  DrawOrderTimeline.cpp
  Event.cpp
  EventData.cpp
  EventTimeline.cpp
  Создание кода...
  Компиляция...
  Extension.cpp
  IkConstraint.cpp
  IkConstraintData.cpp
  IkConstraintTimeline.cpp
D:\source\repos\Vulgate Protocol\Spine\spine_cpp\spine-cpp\src\spine\IkConstraintTimeline.cpp(117,80): warning C4244: =: преобразование "T" в "int", возможна потеря данных
D:\source\repos\Vulgate Protocol\Spine\spine_cpp\spine-cpp\src\spine\IkConstraintTimeline.cpp(117,80): warning C4244:         with
D:\source\repos\Vulgate Protocol\Spine\spine_cpp\spine-cpp\src\spine\IkConstraintTimeline.cpp(117,80): warning C4244:         [
D:\source\repos\Vulgate Protocol\Spine\spine_cpp\spine-cpp\src\spine\IkConstraintTimeline.cpp(117,80): warning C4244:             T=float
D:\source\repos\Vulgate Protocol\Spine\spine_cpp\spine-cpp\src\spine\IkConstraintTimeline.cpp(117,80): warning C4244:         ]
D:\source\repos\Vulgate Protocol\Spine\spine_cpp\spine-cpp\src\spine\IkConstraintTimeline.cpp(125,80): warning C4244: =: преобразование "T" в "int", возможна потеря данных
D:\source\repos\Vulgate Protocol\Spine\spine_cpp\spine-cpp\src\spine\IkConstraintTimeline.cpp(125,80): warning C4244:         with
D:\source\repos\Vulgate Protocol\Spine\spine_cpp\spine-cpp\src\spine\IkConstraintTimeline.cpp(125,80): warning C4244:         [
D:\source\repos\Vulgate Protocol\Spine\spine_cpp\spine-cpp\src\spine\IkConstraintTimeline.cpp(125,80): warning C4244:             T=float
D:\source\repos\Vulgate Protocol\Spine\spine_cpp\spine-cpp\src\spine\IkConstraintTimeline.cpp(125,80): warning C4244:         ]
D:\source\repos\Vulgate Protocol\Spine\spine_cpp\spine-cpp\src\spine\IkConstraintTimeline.cpp(139,39): warning C4244: =: преобразование "int" в "T", возможна потеря данных
D:\source\repos\Vulgate Protocol\Spine\spine_cpp\spine-cpp\src\spine\IkConstraintTimeline.cpp(139,39): warning C4244:         with
D:\source\repos\Vulgate Protocol\Spine\spine_cpp\spine-cpp\src\spine\IkConstraintTimeline.cpp(139,39): warning C4244:         [
D:\source\repos\Vulgate Protocol\Spine\spine_cpp\spine-cpp\src\spine\IkConstraintTimeline.cpp(139,39): warning C4244:             T=float
D:\source\repos\Vulgate Protocol\Spine\spine_cpp\spine-cpp\src\spine\IkConstraintTimeline.cpp(139,39): warning C4244:         ]
D:\source\repos\Vulgate Protocol\Spine\spine_cpp\spine-cpp\src\spine\IkConstraintTimeline.cpp(140,37): warning C4244: =: преобразование "int" в "T", возможна потеря данных
D:\source\repos\Vulgate Protocol\Spine\spine_cpp\spine-cpp\src\spine\IkConstraintTimeline.cpp(140,37): warning C4244:         with
D:\source\repos\Vulgate Protocol\Spine\spine_cpp\spine-cpp\src\spine\IkConstraintTimeline.cpp(140,37): warning C4244:         [
D:\source\repos\Vulgate Protocol\Spine\spine_cpp\spine-cpp\src\spine\IkConstraintTimeline.cpp(140,37): warning C4244:             T=float
D:\source\repos\Vulgate Protocol\Spine\spine_cpp\spine-cpp\src\spine\IkConstraintTimeline.cpp(140,37): warning C4244:         ]
  InheritTimeline.cpp
D:\source\repos\Vulgate Protocol\Spine\spine_cpp\spine-cpp\src\spine\InheritTimeline.cpp(56,29): warning C4244: =: преобразование "spine::Inherit" в "T", возможна потеря данных
D:\source\repos\Vulgate Protocol\Spine\spine_cpp\spine-cpp\src\spine\InheritTimeline.cpp(56,29): warning C4244:         with
D:\source\repos\Vulgate Protocol\Spine\spine_cpp\spine-cpp\src\spine\InheritTimeline.cpp(56,29): warning C4244:         [
D:\source\repos\Vulgate Protocol\Spine\spine_cpp\spine-cpp\src\spine\InheritTimeline.cpp(56,29): warning C4244:             T=float
D:\source\repos\Vulgate Protocol\Spine\spine_cpp\spine-cpp\src\spine\InheritTimeline.cpp(56,29): warning C4244:         ]
  Json.cpp
  LinkedMesh.cpp
  Log.cpp
  MathUtil.cpp
D:\source\repos\Vulgate Protocol\Spine\spine_cpp\spine-cpp\src\spine\MathUtil.cpp(108,17): warning C4244: return: преобразование "double" в "float", возможна потеря данных
  MeshAttachment.cpp
D:\source\repos\Vulgate Protocol\Spine\spine_cpp\spine-cpp\src\spine\MeshAttachment.cpp(185,9): warning C4244: return: преобразование "int" в "float", возможна потеря данных
D:\source\repos\Vulgate Protocol\Spine\spine_cpp\spine-cpp\src\spine\MeshAttachment.cpp(189,11): warning C4244: =: преобразование "float" в "int", возможна потеря данных
D:\source\repos\Vulgate Protocol\Spine\spine_cpp\spine-cpp\src\spine\MeshAttachment.cpp(193,9): warning C4244: return: преобразование "int" в "float", возможна потеря данных
D:\source\repos\Vulgate Protocol\Spine\spine_cpp\spine-cpp\src\spine\MeshAttachment.cpp(197,12): warning C4244: =: преобразование "float" в "int", возможна потеря данных
  PathAttachment.cpp
  PathConstraint.cpp
  PathConstraintData.cpp
  PathConstraintMixTimeline.cpp
  PathConstraintPositionTimeline.cpp
  PathConstraintSpacingTimeline.cpp
  PhysicsConstraint.cpp
  PhysicsConstraintData.cpp
  PhysicsConstraintTimeline.cpp
  PointAttachment.cpp
  Создание кода...
  Компиляция...
  RegionAttachment.cpp
  RotateTimeline.cpp
  RTTI.cpp
  ScaleTimeline.cpp
  Sequence.cpp
  SequenceTimeline.cpp
D:\source\repos\Vulgate Protocol\Spine\spine_cpp\spine-cpp\src\spine\SequenceTimeline.cpp(60,30): warning C4244: =: преобразование "int" в "T", возможна потеря данных
D:\source\repos\Vulgate Protocol\Spine\spine_cpp\spine-cpp\src\spine\SequenceTimeline.cpp(60,30): warning C4244:         with
D:\source\repos\Vulgate Protocol\Spine\spine_cpp\spine-cpp\src\spine\SequenceTimeline.cpp(60,30): warning C4244:         [
D:\source\repos\Vulgate Protocol\Spine\spine_cpp\spine-cpp\src\spine\SequenceTimeline.cpp(60,30): warning C4244:             T=float
D:\source\repos\Vulgate Protocol\Spine\spine_cpp\spine-cpp\src\spine\SequenceTimeline.cpp(60,30): warning C4244:         ]
  ShearTimeline.cpp
  Skeleton.cpp
  SkeletonBinary.cpp
D:\source\repos\Vulgate Protocol\Spine\spine_cpp\spine-cpp\src\spine\SkeletonBinary.cpp(661,20): warning C4244: =: преобразование "float" в "int", возможна потеря данных
D:\source\repos\Vulgate Protocol\Spine\spine_cpp\spine-cpp\src\spine\SkeletonBinary.cpp(662,21): warning C4244: =: преобразование "float" в "int", возможна потеря данных
D:\source\repos\Vulgate Protocol\Spine\spine_cpp\spine-cpp\src\spine\SkeletonBinary.cpp(690,20): warning C4244: =: преобразование "float" в "int", возможна потеря данных
D:\source\repos\Vulgate Protocol\Spine\spine_cpp\spine-cpp\src\spine\SkeletonBinary.cpp(691,21): warning C4244: =: преобразование "float" в "int", возможна потеря данных
D:\source\repos\Vulgate Protocol\Spine\spine_cpp\spine-cpp\src\spine\SkeletonBinary.cpp(808,37): warning C4244: аргумент: преобразование "int" в "float", возможна потеря данных
D:\source\repos\Vulgate Protocol\Spine\spine_cpp\spine-cpp\src\spine\SkeletonBinary.cpp(885,14): warning C4244: инициализация: преобразование "double" в "float", возможна потеря данных
D:\source\repos\Vulgate Protocol\Spine\spine_cpp\spine-cpp\src\spine\SkeletonBinary.cpp(886,14): warning C4244: инициализация: преобразование "double" в "float", возможна потеря данных
D:\source\repos\Vulgate Protocol\Spine\spine_cpp\spine-cpp\src\spine\SkeletonBinary.cpp(887,14): warning C4244: инициализация: преобразование "double" в "float", возможна потеря данных
D:\source\repos\Vulgate Protocol\Spine\spine_cpp\spine-cpp\src\spine\SkeletonBinary.cpp(888,14): warning C4244: инициализация: преобразование "double" в "float", возможна потеря данных
D:\source\repos\Vulgate Protocol\Spine\spine_cpp\spine-cpp\src\spine\SkeletonBinary.cpp(895,16): warning C4244: инициализация: преобразование "double" в "float", возможна потеря данных
D:\source\repos\Vulgate Protocol\Spine\spine_cpp\spine-cpp\src\spine\SkeletonBinary.cpp(896,16): warning C4244: инициализация: преобразование "double" в "float", возможна потеря данных
D:\source\repos\Vulgate Protocol\Spine\spine_cpp\spine-cpp\src\spine\SkeletonBinary.cpp(897,16): warning C4244: инициализация: преобразование "double" в "float", возможна потеря данных
D:\source\repos\Vulgate Protocol\Spine\spine_cpp\spine-cpp\src\spine\SkeletonBinary.cpp(898,16): warning C4244: инициализация: преобразование "double" в "float", возможна потеря данных
D:\source\repos\Vulgate Protocol\Spine\spine_cpp\spine-cpp\src\spine\SkeletonBinary.cpp(924,14): warning C4244: инициализация: преобразование "double" в "float", возможна потеря данных
D:\source\repos\Vulgate Protocol\Spine\spine_cpp\spine-cpp\src\spine\SkeletonBinary.cpp(925,14): warning C4244: инициализация: преобразование "double" в "float", возможна потеря данных
D:\source\repos\Vulgate Protocol\Spine\spine_cpp\spine-cpp\src\spine\SkeletonBinary.cpp(926,14): warning C4244: инициализация: преобразование "double" в "float", возможна потеря данных
D:\source\repos\Vulgate Protocol\Spine\spine_cpp\spine-cpp\src\spine\SkeletonBinary.cpp(933,16): warning C4244: инициализация: преобразование "double" в "float", возможна потеря данных
D:\source\repos\Vulgate Protocol\Spine\spine_cpp\spine-cpp\src\spine\SkeletonBinary.cpp(934,16): warning C4244: инициализация: преобразование "double" в "float", возможна потеря данных
D:\source\repos\Vulgate Protocol\Spine\spine_cpp\spine-cpp\src\spine\SkeletonBinary.cpp(935,16): warning C4244: инициализация: преобразование "double" в "float", возможна потеря данных
D:\source\repos\Vulgate Protocol\Spine\spine_cpp\spine-cpp\src\spine\SkeletonBinary.cpp(959,14): warning C4244: инициализация: преобразование "double" в "float", возможна потеря данных
D:\source\repos\Vulgate Protocol\Spine\spine_cpp\spine-cpp\src\spine\SkeletonBinary.cpp(960,14): warning C4244: инициализация: преобразование "double" в "float", возможна потеря данных
D:\source\repos\Vulgate Protocol\Spine\spine_cpp\spine-cpp\src\spine\SkeletonBinary.cpp(961,14): warning C4244: инициализация: преобразование "double" в "float", возможна потеря данных
D:\source\repos\Vulgate Protocol\Spine\spine_cpp\spine-cpp\src\spine\SkeletonBinary.cpp(962,14): warning C4244: инициализация: преобразование "double" в "float", возможна потеря данных
D:\source\repos\Vulgate Protocol\Spine\spine_cpp\spine-cpp\src\spine\SkeletonBinary.cpp(963,15): warning C4244: инициализация: преобразование "double" в "float", возможна потеря данных
D:\source\repos\Vulgate Protocol\Spine\spine_cpp\spine-cpp\src\spine\SkeletonBinary.cpp(964,15): warning C4244: инициализация: преобразование "double" в "float", возможна потеря данных
D:\source\repos\Vulgate Protocol\Spine\spine_cpp\spine-cpp\src\spine\SkeletonBinary.cpp(965,15): warning C4244: инициализация: преобразование "double" в "float", возможна потеря данных
D:\source\repos\Vulgate Protocol\Spine\spine_cpp\spine-cpp\src\spine\SkeletonBinary.cpp(971,16): warning C4244: инициализация: преобразование "double" в "float", возможна потеря данных
D:\source\repos\Vulgate Protocol\Spine\spine_cpp\spine-cpp\src\spine\SkeletonBinary.cpp(972,16): warning C4244: инициализация: преобразование "double" в "float", возможна потеря данных
D:\source\repos\Vulgate Protocol\Spine\spine_cpp\spine-cpp\src\spine\SkeletonBinary.cpp(973,16): warning C4244: инициализация: преобразование "double" в "float", возможна потеря данных
D:\source\repos\Vulgate Protocol\Spine\spine_cpp\spine-cpp\src\spine\SkeletonBinary.cpp(974,16): warning C4244: инициализация: преобразование "double" в "float", возможна потеря данных
D:\source\repos\Vulgate Protocol\Spine\spine_cpp\spine-cpp\src\spine\SkeletonBinary.cpp(975,17): warning C4244: инициализация: преобразование "double" в "float", возможна потеря данных
D:\source\repos\Vulgate Protocol\Spine\spine_cpp\spine-cpp\src\spine\SkeletonBinary.cpp(976,17): warning C4244: инициализация: преобразование "double" в "float", возможна потеря данных
D:\source\repos\Vulgate Protocol\Spine\spine_cpp\spine-cpp\src\spine\SkeletonBinary.cpp(977,17): warning C4244: инициализация: преобразование "double" в "float", возможна потеря данных
D:\source\repos\Vulgate Protocol\Spine\spine_cpp\spine-cpp\src\spine\SkeletonBinary.cpp(1009,14): warning C4244: инициализация: преобразование "double" в "float", возможна потеря данных
D:\source\repos\Vulgate Protocol\Spine\spine_cpp\spine-cpp\src\spine\SkeletonBinary.cpp(1010,14): warning C4244: инициализация: преобразование "double" в "float", возможна потеря данных
D:\source\repos\Vulgate Protocol\Spine\spine_cpp\spine-cpp\src\spine\SkeletonBinary.cpp(1011,14): warning C4244: инициализация: преобразование "double" в "float", возможна потеря данных
D:\source\repos\Vulgate Protocol\Spine\spine_cpp\spine-cpp\src\spine\SkeletonBinary.cpp(1012,15): warning C4244: инициализация: преобразование "double" в "float", возможна потеря данных
D:\source\repos\Vulgate Protocol\Spine\spine_cpp\spine-cpp\src\spine\SkeletonBinary.cpp(1013,15): warning C4244: инициализация: преобразование "double" в "float", возможна потеря данных
D:\source\repos\Vulgate Protocol\Spine\spine_cpp\spine-cpp\src\spine\SkeletonBinary.cpp(1014,15): warning C4244: инициализация: преобразование "double" в "float", возможна потеря данных
D:\source\repos\Vulgate Protocol\Spine\spine_cpp\spine-cpp\src\spine\SkeletonBinary.cpp(1020,16): warning C4244: инициализация: преобразование "double" в "float", возможна потеря данных
D:\source\repos\Vulgate Protocol\Spine\spine_cpp\spine-cpp\src\spine\SkeletonBinary.cpp(1021,16): warning C4244: инициализация: преобразование "double" в "float", возможна потеря данных
D:\source\repos\Vulgate Protocol\Spine\spine_cpp\spine-cpp\src\spine\SkeletonBinary.cpp(1022,16): warning C4244: инициализация: преобразование "double" в "float", возможна потеря данных
D:\source\repos\Vulgate Protocol\Spine\spine_cpp\spine-cpp\src\spine\SkeletonBinary.cpp(1023,17): warning C4244: инициализация: преобразование "double" в "float", возможна потеря данных
D:\source\repos\Vulgate Protocol\Spine\spine_cpp\spine-cpp\src\spine\SkeletonBinary.cpp(1024,17): warning C4244: инициализация: преобразование "double" в "float", возможна потеря данных
D:\source\repos\Vulgate Protocol\Spine\spine_cpp\spine-cpp\src\spine\SkeletonBinary.cpp(1025,17): warning C4244: инициализация: преобразование "double" в "float", возможна потеря данных
D:\source\repos\Vulgate Protocol\Spine\spine_cpp\spine-cpp\src\spine\SkeletonBinary.cpp(1054,14): warning C4244: инициализация: преобразование "double" в "float", возможна потеря данных
D:\source\repos\Vulgate Protocol\Spine\spine_cpp\spine-cpp\src\spine\SkeletonBinary.cpp(1059,16): warning C4244: инициализация: преобразование "double" в "float", возможна потеря данных
  SkeletonBounds.cpp
  SkeletonClipping.cpp
  SkeletonData.cpp
  SkeletonJson.cpp
D:\source\repos\Vulgate Protocol\Spine\spine_cpp\spine-cpp\src\spine\SkeletonJson.cpp(667,67): warning C4244: =: преобразование "float" в "int", возможна потеря данных
D:\source\repos\Vulgate Protocol\Spine\spine_cpp\spine-cpp\src\spine\SkeletonJson.cpp(668,69): warning C4244: =: преобразование "float" в "int", возможна потеря данных
D:\source\repos\Vulgate Protocol\Spine\spine_cpp\spine-cpp\src\spine\SkeletonJson.cpp(868,37): warning C4244: аргумент: преобразование "int" в "float", возможна потеря данных
  SkeletonRenderer.cpp
  Skin.cpp
  Slot.cpp
  SlotData.cpp
  SpineObject.cpp
  TextureLoader.cpp
  Timeline.cpp
  Создание кода...
  Компиляция...
  TransformConstraint.cpp
D:\source\repos\Vulgate Protocol\Spine\spine_cpp\spine-cpp\src\spine\TransformConstraint.cpp(290,32): warning C4244: аргумент: преобразование "double" в "float", возможна потеря данных
D:\source\repos\Vulgate Protocol\Spine\spine_cpp\spine-cpp\src\spine\TransformConstraint.cpp(307,32): warning C4244: аргумент: преобразование "double" в "float", возможна потеря данных
  TransformConstraintData.cpp
  TransformConstraintTimeline.cpp
  TranslateTimeline.cpp
  Triangulator.cpp
  Updatable.cpp
  VertexAttachment.cpp
  spine-sfml.cpp
  Создание кода...
  spine-sfml-cpp.vcxproj -> D:\source\repos\Vulgate Protocol\out\Spine\Debug\spine-sfml-cpp.lib
