d:\source\repos\vulgate protocol\spine\build\debug\spine-sfml-cpp.pdb
d:\source\repos\vulgate protocol\spine\build\spine-sfml-cpp.dir\debug\eventtimeline.obj
d:\source\repos\vulgate protocol\spine\build\spine-sfml-cpp.dir\debug\eventdata.obj
d:\source\repos\vulgate protocol\spine\build\spine-sfml-cpp.dir\debug\event.obj
d:\source\repos\vulgate protocol\spine\build\spine-sfml-cpp.dir\debug\drawordertimeline.obj
d:\source\repos\vulgate protocol\spine\build\spine-sfml-cpp.dir\debug\deformtimeline.obj
d:\source\repos\vulgate protocol\spine\build\spine-sfml-cpp.dir\debug\curvetimeline.obj
d:\source\repos\vulgate protocol\spine\build\spine-sfml-cpp.dir\debug\constraintdata.obj
d:\source\repos\vulgate protocol\spine\build\spine-sfml-cpp.dir\debug\colortimeline.obj
d:\source\repos\vulgate protocol\spine\build\spine-sfml-cpp.dir\debug\clippingattachment.obj
d:\source\repos\vulgate protocol\spine\build\spine-sfml-cpp.dir\debug\boundingboxattachment.obj
d:\source\repos\vulgate protocol\spine\build\spine-sfml-cpp.dir\debug\bonedata.obj
d:\source\repos\vulgate protocol\spine\build\spine-sfml-cpp.dir\debug\bone.obj
d:\source\repos\vulgate protocol\spine\build\spine-sfml-cpp.dir\debug\attachmenttimeline.obj
d:\source\repos\vulgate protocol\spine\build\spine-sfml-cpp.dir\debug\attachmentloader.obj
d:\source\repos\vulgate protocol\spine\build\spine-sfml-cpp.dir\debug\attachment.obj
d:\source\repos\vulgate protocol\spine\build\spine-sfml-cpp.dir\debug\atlasattachmentloader.obj
d:\source\repos\vulgate protocol\spine\build\spine-sfml-cpp.dir\debug\atlas.obj
d:\source\repos\vulgate protocol\spine\build\spine-sfml-cpp.dir\debug\animationstatedata.obj
d:\source\repos\vulgate protocol\spine\build\spine-sfml-cpp.dir\debug\animationstate.obj
d:\source\repos\vulgate protocol\spine\build\spine-sfml-cpp.dir\debug\animation.obj
d:\source\repos\vulgate protocol\spine\build\spine-sfml-cpp.dir\debug\sheartimeline.obj
d:\source\repos\vulgate protocol\spine\build\spine-sfml-cpp.dir\debug\scaletimeline.obj
d:\source\repos\vulgate protocol\spine\build\spine-sfml-cpp.dir\debug\rtti.obj
d:\source\repos\vulgate protocol\spine\build\spine-sfml-cpp.dir\debug\rotatetimeline.obj
d:\source\repos\vulgate protocol\spine\build\spine-sfml-cpp.dir\debug\regionattachment.obj
d:\source\repos\vulgate protocol\spine\build\spine-sfml-cpp.dir\debug\pointattachment.obj
d:\source\repos\vulgate protocol\spine\build\spine-sfml-cpp.dir\debug\pathconstraintspacingtimeline.obj
d:\source\repos\vulgate protocol\spine\build\spine-sfml-cpp.dir\debug\pathconstraintpositiontimeline.obj
d:\source\repos\vulgate protocol\spine\build\spine-sfml-cpp.dir\debug\pathconstraintmixtimeline.obj
d:\source\repos\vulgate protocol\spine\build\spine-sfml-cpp.dir\debug\pathconstraintdata.obj
d:\source\repos\vulgate protocol\spine\build\spine-sfml-cpp.dir\debug\pathconstraint.obj
d:\source\repos\vulgate protocol\spine\build\spine-sfml-cpp.dir\debug\pathattachment.obj
d:\source\repos\vulgate protocol\spine\build\spine-sfml-cpp.dir\debug\meshattachment.obj
d:\source\repos\vulgate protocol\spine\build\spine-sfml-cpp.dir\debug\mathutil.obj
d:\source\repos\vulgate protocol\spine\build\spine-sfml-cpp.dir\debug\linkedmesh.obj
d:\source\repos\vulgate protocol\spine\build\spine-sfml-cpp.dir\debug\json.obj
d:\source\repos\vulgate protocol\spine\build\spine-sfml-cpp.dir\debug\ikconstrainttimeline.obj
d:\source\repos\vulgate protocol\spine\build\spine-sfml-cpp.dir\debug\ikconstraintdata.obj
d:\source\repos\vulgate protocol\spine\build\spine-sfml-cpp.dir\debug\ikconstraint.obj
d:\source\repos\vulgate protocol\spine\build\spine-sfml-cpp.dir\debug\extension.obj
d:\source\repos\vulgate protocol\spine\build\spine-sfml-cpp.dir\debug\vertexattachment.obj
d:\source\repos\vulgate protocol\spine\build\spine-sfml-cpp.dir\debug\updatable.obj
d:\source\repos\vulgate protocol\spine\build\spine-sfml-cpp.dir\debug\twocolortimeline.obj
d:\source\repos\vulgate protocol\spine\build\spine-sfml-cpp.dir\debug\triangulator.obj
d:\source\repos\vulgate protocol\spine\build\spine-sfml-cpp.dir\debug\translatetimeline.obj
d:\source\repos\vulgate protocol\spine\build\spine-sfml-cpp.dir\debug\transformconstrainttimeline.obj
d:\source\repos\vulgate protocol\spine\build\spine-sfml-cpp.dir\debug\transformconstraintdata.obj
d:\source\repos\vulgate protocol\spine\build\spine-sfml-cpp.dir\debug\transformconstraint.obj
d:\source\repos\vulgate protocol\spine\build\spine-sfml-cpp.dir\debug\timeline.obj
d:\source\repos\vulgate protocol\spine\build\spine-sfml-cpp.dir\debug\textureloader.obj
d:\source\repos\vulgate protocol\spine\build\spine-sfml-cpp.dir\debug\spineobject.obj
d:\source\repos\vulgate protocol\spine\build\spine-sfml-cpp.dir\debug\slotdata.obj
d:\source\repos\vulgate protocol\spine\build\spine-sfml-cpp.dir\debug\slot.obj
d:\source\repos\vulgate protocol\spine\build\spine-sfml-cpp.dir\debug\skin.obj
d:\source\repos\vulgate protocol\spine\build\spine-sfml-cpp.dir\debug\skeletonjson.obj
d:\source\repos\vulgate protocol\spine\build\spine-sfml-cpp.dir\debug\skeletondata.obj
d:\source\repos\vulgate protocol\spine\build\spine-sfml-cpp.dir\debug\skeletonclipping.obj
d:\source\repos\vulgate protocol\spine\build\spine-sfml-cpp.dir\debug\skeletonbounds.obj
d:\source\repos\vulgate protocol\spine\build\spine-sfml-cpp.dir\debug\skeletonbinary.obj
d:\source\repos\vulgate protocol\spine\build\spine-sfml-cpp.dir\debug\skeleton.obj
d:\source\repos\vulgate protocol\spine\build\spine-sfml-cpp.dir\debug\spine-sfml.obj
d:\source\repos\vulgate protocol\spine\build\spine-sfml-cpp.dir\debug\vertexeffect.obj
d:\source\repos\vulgate protocol\spine\build\cmakefiles\generate.stamp
d:\source\repos\vulgate protocol\spine\build\debug\spine-sfml-cpp.lib
d:\source\repos\vulgate protocol\spine\build\spine-sfml-cpp.dir\debug\spine-sfml-cpp.tlog\cl.command.1.tlog
d:\source\repos\vulgate protocol\spine\build\spine-sfml-cpp.dir\debug\spine-sfml-cpp.tlog\cl.items.tlog
d:\source\repos\vulgate protocol\spine\build\spine-sfml-cpp.dir\debug\spine-sfml-cpp.tlog\cl.read.1.tlog
d:\source\repos\vulgate protocol\spine\build\spine-sfml-cpp.dir\debug\spine-sfml-cpp.tlog\cl.write.1.tlog
d:\source\repos\vulgate protocol\spine\build\spine-sfml-cpp.dir\debug\spine-sfml-cpp.tlog\custombuild.command.1.tlog
d:\source\repos\vulgate protocol\spine\build\spine-sfml-cpp.dir\debug\spine-sfml-cpp.tlog\custombuild.read.1.tlog
d:\source\repos\vulgate protocol\spine\build\spine-sfml-cpp.dir\debug\spine-sfml-cpp.tlog\custombuild.write.1.tlog
d:\source\repos\vulgate protocol\spine\build\spine-sfml-cpp.dir\debug\spine-sfml-cpp.tlog\lib-link.read.1.tlog
d:\source\repos\vulgate protocol\spine\build\spine-sfml-cpp.dir\debug\spine-sfml-cpp.tlog\lib-link.write.1.tlog
d:\source\repos\vulgate protocol\spine\build\spine-sfml-cpp.dir\debug\spine-sfml-cpp.tlog\lib.command.1.tlog
